[creazione.avanzare.co/gravity/demo/indexf824.html]
[backblue.gif]
[fade.gif]
[index.html]
[creazione.avanzare.co/gravity/demo/assets/favicon.ico]
[creazione.avanzare.co/gravity/demo/assets/images/logo.png]
[creazione.avanzare.co/gravity/demo/assets/js/xsg235t4r1r.js]
[creazione.avanzare.co/gravity/demo/indexf824.html]
[creazione.avanzare.co/gravity/demo/assets/fonts/themify.eot]
[creazione.avanzare.co/gravity/demo/assets/fonts/themifyd41d.eot]
[creazione.avanzare.co/gravity/demo/assets/fonts/themify.woff]
[creazione.avanzare.co/gravity/demo/assets/fonts/themify.ttf]
[creazione.avanzare.co/gravity/demo/assets/fonts/fontawesome-webfont3e6e.eot]
[creazione.avanzare.co/gravity/demo/assets/fonts/fontawesome-webfontd41d.eot]
[creazione.avanzare.co/gravity/demo/assets/fonts/fontawesome-webfont3e6e.woff2]
[creazione.avanzare.co/gravity/demo/assets/fonts/fontawesome-webfont3e6e.woff]
[creazione.avanzare.co/gravity/demo/assets/fonts/fontawesome-webfont3e6e.ttf]
[creazione.avanzare.co/gravity/demo/assets/images/pattern.png]
[creazione.avanzare.co/gravity/demo/assets/css/asf2525xljt.css]
[creazione.avanzare.co/gravity/demo/assets/fonts/glyphicons-halflings-regular.html]
[creazione.avanzare.co/gravity/demo/assets/fonts/glyphicons-halflings-regulard41d.html]
[creazione.avanzare.co/gravity/demo/assets/fonts/glyphicons-halflings-regular-2.html]
[creazione.avanzare.co/gravity/demo/assets/fonts/glyphicons-halflings-regular-3.html]
[creazione.avanzare.co/gravity/demo/assets/fonts/glyphicons-halflings-regular-4.html]
[creazione.avanzare.co/gravity/demo/assets/fonts/glyphicons-halflings-regular-5.html]
[creazione.avanzare.co/gravity/demo/assets/fonts/themify9f24.svg]
[creazione.avanzare.co/gravity/demo/assets/fonts/fontawesome-webfont3e6e.svg]
[creazione.avanzare.co/gravity/demo/assets/css/overlays/02.html]
